[onyxdestinations.com/index.html]
[backblue.gif]
[fade.gif]
[index.html]
[onyxdestinations.com/templates/default/images/favicon.png]
[cdnjs.cloudflare.com/ajax/libs/twitter-bootstrap/3.3.7/css/bootstrap.min.css]
[onyxdestinations.com/js/plugins/royalslider/royalslider.css]
[onyxdestinations.com/js/plugins/royalslider/skins/minimal-white/rs-minimal-white.css]
[code.jquery.com/ui/1.12.1/themes/smoothness/jquery-ui.min.css]
[cdnjs.cloudflare.com/ajax/libs/bootstrap-select/1.13.18/css/bootstrap-select.min.css]
[cdnjs.cloudflare.com/ajax/libs/magnific-popup.js/1.1.0/magnific-popup.min.css]
[use.fontawesome.com/releases/v5.15.3/css/all.css]
[onyxdestinations.com/common/fonts/style.css]
[onyxdestinations.com/common/css/shortcodes.css]
[onyxdestinations.com/templates/default/css/layout.css]
[onyxdestinations.com/templates/default/css/colors.css]
[onyxdestinations.com/templates/default/css/main.css]
[onyxdestinations.com/templates/default/css/custom.css]
[onyxdestinations.com/templates/default/images/pexels-photo-16832245.jpg]
[myhotel.heyaskme.in/templates/default/images/logo.png]
[onyxdestinations.com/about-us.html]
[onyxdestinations.com/gallery.html]
[onyxdestinations.com/hotels-map.html]
[onyxdestinations.com/hotels.html]
[onyxdestinations.com/booking.html]
[onyxdestinations.com/destinations.html]
[onyxdestinations.com/templates/default/images/logo.png]
[code.jquery.com/jquery-1.12.4.min.js]
[onyxdestinations.com/medias/slide/big/11/whatsapp-image-2025-10-30-at-07-20-35.jpg]
[onyxdestinations.com/medias/slide/big/20/dc16973b239491427f1e89a98ed1f1fa.jpg]
[onyxdestinations.com/medias/slide/big/21/4afc1a7c48650a4277a495bca020fd8f.jpg]
[onyxdestinations.com/medias/slide/big/23/e52480609b3a8031c11197290042c9b3.jpg]
[onyxdestinations.com/medias/hotel/small/385/whatsapp-image-2025-10-28-at-00-56-23-6.jpg]
[onyxdestinations.com/medias/hotel/small/552/whatsapp-image-2025-11-03-at-02-49-19.jpg]
[onyxdestinations.com/hotels/hoteldkox.html]
[onyxdestinations.com/hotels/binaykpalacepremiumox.html]
[onyxdestinations.com/medias/hotel/small/534/whatsapp-image-2025-10-30-at-06-48-06.jpg]
[onyxdestinations.com/hotels/hotelsenoritainnox.html]
[onyxdestinations.com/medias/hotel/small/163/whatsapp-image-2025-09-22-at-10-36-36-434c734d.jpg]
[onyxdestinations.com/hotels/suryabeachinnox.html]
[onyxdestinations.com/medias/hotel/small/470/whatsapp-image-2025-10-30-at-02-52-29-4.jpg]
[onyxdestinations.com/hotels/hotelswagatinnox.html]
[onyxdestinations.com/medias/hotel/small/116/14886i2sfcdf-sm.jpg]
[onyxdestinations.com/hotels/lucky-guest-house-ox.html]
[onyxdestinations.com/medias/hotel/small/373/whatsapp-image-2025-10-28-at-00-56-23-4.jpg]
[onyxdestinations.com/hotels/hotel-new-horizons-ox.html]
[onyxdestinations.com/medias/hotel/small/361/whatsapp-image-2025-10-28-at-00-56-23-2.jpg]
[onyxdestinations.com/hotels/hotel-new-beach-resorts.html]
[onyxdestinations.com/medias/hotel/small/572/027634b6-fb7a-465d-9e82-013b299fa456.jpg]
[onyxdestinations.com/hotels/silkserenityox.html]
[onyxdestinations.com/medias/hotel/small/348/img-20251027-wa0004.jpg]
[onyxdestinations.com/hotels/hotelshreesampada.html]
[onyxdestinations.com/medias/hotel/small/396/whatsapp-image-2025-10-27-at-05-09-56-1.jpg]
[onyxdestinations.com/hotels/hotel-sagar-bela.html]
[onyxdestinations.com/medias/hotel/small/434/whatsapp-image-2025-10-29-at-07-08-01.jpg]
[onyxdestinations.com/hotels/hotel-gyanada-residency.html]
[onyxdestinations.com/medias/hotel/small/485/untitled-design-8.png]
[onyxdestinations.com/hotels/hotel-maximilian-villa.html]
[onyxdestinations.com/medias/hotel/small/605/whatsapp-image-2025-11-26-at-5-43-36-am-1.jpg]
[onyxdestinations.com/hotels/stayelitehotelroyalorbit.html]
[onyxdestinations.com/booking/bbi.html]
[onyxdestinations.com/booking/cuttack.html]
[onyxdestinations.com/about-us/hidden-kendrapada.html]
[onyxdestinations.com/booking/puri.html]
[onyxdestinations.com/gallery/hukitola-island.html]
[onyxdestinations.com/about-us/the-temple-city.html]
[onyxdestinations.com/about-us/puri-sea-beach.html]
[onyxdestinations.com/about-us/jagannath-temple.html]
[onyxdestinations.com/gallery/rath-yatra-puri.html]
[onyxdestinations.com/about-us/cuttack-the-silver-city.html]
[onyxdestinations.com/gallery/konark-sun-temple.html]
[onyxdestinations.com/gallery/chilika-lake.html]
[onyxdestinations.com/gallery/blue-flag-beach-puri.html]
[onyxdestinations.com/gallery/hirakud-dam-sambalpur.html]
[onyxdestinations.com/gallery/nandankanan-zoological-park.html]
[onyxdestinations.com/gallery/ghanteswari-temple.html]
[onyxdestinations.com/medias/article/small/103/fe168e500bd39fd1b04feb93933b9447.jpg]
[onyxdestinations.com/gallery/koraput-odisha.html]
[onyxdestinations.com/medias/article/small/95/4da12f5375747c44f7aeb5e7d6ea87af.jpg]
[onyxdestinations.com/medias/article/small/89/2cfdbc73e1ce4a9784c7e10605877f06.jpg]
[onyxdestinations.com/gallery/lingaraj-temple-bhubaneswar.html]
[onyxdestinations.com/medias/article/small/86/f11c416fa239ed2cf3bd8e33d97fb006.jpg]
[onyxdestinations.com/contact.html]
[onyxdestinations.com/feed/index.html]
[onyxdestinations.com/legal-notices.html]
[onyxdestinations.com/sitemap.html]
[cdnjs.cloudflare.com/ajax/libs/bootstrap-select/1.13.18/js/bootstrap-select.min.js]
[onyxdestinations.com/common/js/modernizr-2.6.1.min.js]
[cdnjs.cloudflare.com/ajax/libs/respond.js/1.4.2/respond.min.js]
[cdnjs.cloudflare.com/ajax/libs/jquery-cookie/1.4.1/jquery.cookie.min.js]
[cdnjs.cloudflare.com/ajax/libs/jquery-easing/1.4.1/jquery.easing.min.js]
[cdnjs.cloudflare.com/ajax/libs/magnific-popup.js/1.1.0/jquery.magnific-popup.min.js]
[onyxdestinations.com/js/plugins/live-search/jquery.liveSearch.js]
[onyxdestinations.com/js/plugins/imagefill/js/jquery-imagefill.js]
[onyxdestinations.com/js/plugins/toucheeffect/toucheffects.js]
[onyxdestinations.com/js/plugins/royalslider/jquery.royalslider.min.js]
[onyxdestinations.com/js/custom.js]
[www.google.com/recaptcha/apifef7.js]
[onyxdestinations.com/index.html]
[cdnjs.cloudflare.com/ajax/libs/twitter-bootstrap/3.3.7/css/bootstrap.min.css]
[onyxdestinations.com/js/plugins/royalslider/grab.png]
[onyxdestinations.com/js/plugins/royalslider/grabbing.png]
[onyxdestinations.com/js/plugins/royalslider/blank.gif]
[onyxdestinations.com/js/plugins/royalslider/royalslider.css]
[onyxdestinations.com/js/plugins/royalslider/skins/minimal-white/rs-minimal-white.png]
[onyxdestinations.com/js/plugins/royalslider/skins/preloaders/preloader-white.gif]
[onyxdestinations.com/js/plugins/royalslider/skins/minimal-white/rs-minimal-white.css]
[code.jquery.com/ui/1.12.1/themes/smoothness/images/ui-bg_highlight-soft_75_cccccc_1x100.png]
[code.jquery.com/ui/1.12.1/themes/smoothness/images/ui-bg_glass_75_e6e6e6_1x400.png]
[code.jquery.com/ui/1.12.1/themes/smoothness/images/ui-bg_glass_75_dadada_1x400.png]
[code.jquery.com/ui/1.12.1/themes/smoothness/images/ui-bg_glass_65_ffffff_1x400.png]
[code.jquery.com/ui/1.12.1/themes/smoothness/images/ui-bg_glass_55_fbf9ee_1x400.png]
[code.jquery.com/ui/1.12.1/themes/smoothness/images/ui-bg_glass_95_fef1ec_1x400.png]
[code.jquery.com/ui/1.12.1/themes/smoothness/images/ui-icons_222222_256x240.png]
[code.jquery.com/ui/1.12.1/themes/smoothness/images/ui-icons_454545_256x240.png]
[code.jquery.com/ui/1.12.1/jquery-ui.js]
[code.jquery.com/ui/1.12.1/themes/smoothness/images/ui-icons_2e83ff_256x240.png]
[code.jquery.com/ui/1.12.1/themes/smoothness/images/ui-icons_cd0a0a_256x240.png]
[code.jquery.com/ui/1.12.1/themes/smoothness/images/ui-icons_888888_256x240.png]
[code.jquery.com/ui/1.12.1/themes/smoothness/jquery-ui.min.css]
[cdnjs.cloudflare.com/ajax/libs/bootstrap-select/1.13.18/css/bootstrap-select.min.css]
[cdnjs.cloudflare.com/ajax/libs/magnific-popup.js/1.1.0/magnific-popup.min.css]
[use.fontawesome.com/releases/v5.15.3/css/all.css]
[onyxdestinations.com/common/fonts/BwVivant-Skinny.woff]
[onyxdestinations.com/common/fonts/bw-vivant-thin.woff]
[onyxdestinations.com/common/fonts/bw-vivant-light.woff]
[onyxdestinations.com/common/fonts/bw-vivant-medium.woff]
[onyxdestinations.com/common/fonts/bw-vivant-black.woff]
[onyxdestinations.com/common/fonts/bw-vivant-bold.woff]
[onyxdestinations.com/common/fonts/style.css]
[onyxdestinations.com/common/css/shortcodes.css]
[onyxdestinations.com/templates/default/images/loading.gif]
[onyxdestinations.com/templates/default/images/maintenance-bg.jpg]
[onyxdestinations.com/templates/default/css/layout.css]
[onyxdestinations.com/templates/default/images/activities-bg.jpg]
[use.fontawesome.com/releases/v5.15.3/js/all.js]
[onyxdestinations.com/templates/default/css/colors.css]
[onyxdestinations.com/templates/default/images/page-header.jpg]
[onyxdestinations.com/templates/default/images/footer.jpg]
[onyxdestinations.com/templates/default/css/main.css]
[onyxdestinations.com/templates/default/images/right-arrow.png]
[onyxdestinations.com/templates/default/images/left-arrow.png]
[onyxdestinations.com/templates/default/css/custom.css]
[onyxdestinations.com/js/plugins/isotope/css/style.css]
[onyxdestinations.com/js/plugins/lazyloader/lazyloader.css]
[onyxdestinations.com/404.html]
[onyxdestinations.com/medias/article/medium/26/whatsapp-image-2025-10-28-at-05-02-55.jpg]
[onyxdestinations.com/medias/article/medium/30/32a1d4185a9f1180802dfac79c2d1685.jpg]
[onyxdestinations.com/medias/article/medium/44/dc181d9e0a47f8ae8ac8bd586d3198a3.jpg]
[onyxdestinations.com/medias/article/medium/40/9d6f06c35a6056b3bf4df4e58e55a864.jpg]
[onyxdestinations.com/medias/article/medium/51/0dd23f9cef969aca8d1a8c01a8c9310b.jpg]
[onyxdestinations.com/js/plugins/lazyloader/lazyloader.js]
[onyxdestinations.com/about-us.html]
[onyxdestinations.com/medias/article/medium/28/30cb1cea1fa9fb39de03d1c8c8cff722.jpg]
[onyxdestinations.com/medias/article/medium/48/332137fd1a09cf5add4e723709ca9f47.jpg]
[onyxdestinations.com/medias/article/medium/58/8e4be9a8e3223d59e5fac2598f6f4062.jpg]
[onyxdestinations.com/medias/article/medium/63/be986441922a996f4664d9e3fa7a3461.jpg]
[onyxdestinations.com/medias/article/medium/74/1861cd68c596644752204392c29335b5.jpg]
[onyxdestinations.com/medias/article/medium/83/c864693e1f97ed6270812391ae6ef6ba.jpg]
[onyxdestinations.com/medias/article/medium/86/f11c416fa239ed2cf3bd8e33d97fb006.jpg]
[onyxdestinations.com/medias/article/medium/89/2cfdbc73e1ce4a9784c7e10605877f06.jpg]
[onyxdestinations.com/medias/article/medium/95/4da12f5375747c44f7aeb5e7d6ea87af.jpg]
[onyxdestinations.com/gallery.html]
[onyxdestinations.com/js/plugins/jquery-activmap/css/skin-compact/activmap-compact.css]
[onyxdestinations.com/js/plugins/jquery-activmap/css/skin-compact/activmap-dark-blue.css]
[onyxdestinations.com/js/plugins/jquery-activmap/js/jquery-activmap.js]
[onyxdestinations.com/hotels-map.html]
[onyxdestinations.com/js/plugins/jquery-activmap/js/markercluster.min.js]
[onyxdestinations.com/medias/hotel/medium/385/whatsapp-image-2025-10-28-at-00-56-23-6.jpg]
[onyxdestinations.com/hotels/binayapalaceox.html]
[onyxdestinations.com/medias/hotel/medium/137/whatsapp-image-2025-09-21-at-19-02-02-72d3f7e8.jpg]
[onyxdestinations.com/medias/hotel/medium/552/whatsapp-image-2025-11-03-at-02-49-19.jpg]
[onyxdestinations.com/medias/hotel/medium/534/whatsapp-image-2025-10-30-at-06-48-06.jpg]
[onyxdestinations.com/medias/hotel/medium/163/whatsapp-image-2025-09-22-at-10-36-36-434c734d.jpg]
[onyxdestinations.com/medias/hotel/medium/470/whatsapp-image-2025-10-30-at-02-52-29-4.jpg]
[onyxdestinations.com/hotels/shree-gundicha-lodge.html]
[onyxdestinations.com/medias/hotel/medium/512/whatsapp-image-2025-10-30-at-06-10-37.jpg]
[onyxdestinations.com/medias/hotel/medium/116/14886i2sfcdf-sm.jpg]
[onyxdestinations.com/medias/hotel/medium/373/whatsapp-image-2025-10-28-at-00-56-23-4.jpg]
[onyxdestinations.com/hotels.html]
[onyxdestinations.com/booking.html]
[onyxdestinations.com/medias/destination/medium/8/download.jpg]
[onyxdestinations.com/medias/destination/medium/2/unnamed-3.jpg]
[onyxdestinations.com/medias/destination/medium/9/licensed-image.jpg]
[onyxdestinations.com/booking/kendrapara.html]
[onyxdestinations.com/medias/destination/medium/10/20200503031909.jpg]
[onyxdestinations.com/destinations.html]
[onyxdestinations.com/js/plugins/jquery.event.calendar/css/jquery.event.calendar.css]
[cdnjs.cloudflare.com/ajax/libs/OwlCarousel2/2.3.4/assets/owl.carousel.min.css]
[cdnjs.cloudflare.com/ajax/libs/OwlCarousel2/2.3.4/assets/owl.theme.default.min.css]
[cdn.jsdelivr.net/gh/kartik-v/bootstrap-star-rating@4.0.7/css/star-rating.css]
[onyxdestinations.com/medias/facility/big/43/air-conditioner-3.png]
[onyxdestinations.com/medias/facility/big/45/balcony.png]
[onyxdestinations.com/medias/facility/big/47/bathtub.png]
[onyxdestinations.com/medias/facility/big/48/electrical.png]
[onyxdestinations.com/medias/facility/big/52/ceiling.png]
[onyxdestinations.com/medias/facility/big/53/free-parking.png]
[onyxdestinations.com/medias/facility/big/59/hotel.png]
[onyxdestinations.com/medias/facility/big/63/no-pets.png]
[onyxdestinations.com/medias/facility/big/67/shower.png]
[onyxdestinations.com/medias/facility/big/68/lounge.png]
[onyxdestinations.com/medias/facility/big/69/telephone.png]
[onyxdestinations.com/medias/facility/big/70/streaming-tv-app.png]
[onyxdestinations.com/medias/facility/big/71/chair.png]
[onyxdestinations.com/medias/facility/big/79/cutlery.png]
[onyxdestinations.com/medias/facility/big/80/room-service.png]
[onyxdestinations.com/medias/facility/big/82/wardrobe.png]
[onyxdestinations.com/medias/facility/big/83/water-boiler.png]
[onyxdestinations.com/medias/hotel/big/385/whatsapp-image-2025-10-28-at-00-56-23-6.jpg]
[onyxdestinations.com/medias/hotel/big/386/whatsapp-image-2025-10-28-at-00-56-23-5.jpg]
[onyxdestinations.com/medias/hotel/big/387/whatsapp-image-2025-09-30-at-10-51-40-2.jpg]
[onyxdestinations.com/medias/hotel/big/388/whatsapp-image-2025-09-30-at-10-51-40.jpg]
[onyxdestinations.com/medias/hotel/big/389/whatsapp-image-2025-09-30-at-10-51-40-4.jpg]
[onyxdestinations.com/medias/hotel/big/390/whatsapp-image-2025-09-30-at-10-51-40-1.jpg]
[onyxdestinations.com/medias/hotel/big/391/whatsapp-image-2025-09-30-at-10-51-40-8.jpg]
[onyxdestinations.com/medias/hotel/big/392/whatsapp-image-2025-09-30-at-10-51-40-3.jpg]
[onyxdestinations.com/medias/hotel/big/393/whatsapp-image-2025-09-30-at-10-51-40-6.jpg]
[onyxdestinations.com/medias/hotel/big/394/whatsapp-image-2025-09-30-at-10-51-40-7.jpg]
[onyxdestinations.com/medias/hotel/big/395/whatsapp-image-2025-09-30-at-10-51-40-5.jpg]
[onyxdestinations.com/medias/room/small/30/whatsapp-image-2025-09-21-at-18-54-41-9d78d333.jpg]
[onyxdestinations.com/medias/room/medium/30/whatsapp-image-2025-09-21-at-18-54-41-9d78d333.jpg]
[onyxdestinations.com/medias/room/medium/31/whatsapp-image-2025-09-21-at-18-54-42-213c7a56.jpg]
[onyxdestinations.com/medias/room/medium/32/whatsapp-image-2025-09-21-at-18-53-34-daa2d51d.jpg]
[onyxdestinations.com/medias/room/medium/33/whatsapp-image-2025-09-21-at-18-54-43-0cbf7ca6.jpg]
[onyxdestinations.com/medias/facility/big/81/coat-check.png]
[onyxdestinations.com/medias/facility/big/44/baby-crib.png]
[onyxdestinations.com/medias/facility/big/46/barbecue.png]
[onyxdestinations.com/medias/facility/big/49/kitchen.png]
[onyxdestinations.com/medias/facility/big/50/desk.png]
[onyxdestinations.com/medias/room/small/37/whatsapp-image-2025-09-21-at-18-53-39-2c52a12b.jpg]
[onyxdestinations.com/medias/room/medium/37/whatsapp-image-2025-09-21-at-18-53-39-2c52a12b.jpg]
[onyxdestinations.com/medias/room/small/42/whatsapp-image-2025-09-21-at-18-53-33-288c3fd0.jpg]
[onyxdestinations.com/medias/room/medium/42/whatsapp-image-2025-09-21-at-18-53-33-288c3fd0.jpg]
[onyxdestinations.com/medias/room/medium/43/whatsapp-image-2025-09-21-at-18-54-33-bf1a6681.jpg]
[onyxdestinations.com/medias/room/medium/44/whatsapp-image-2025-09-21-at-18-54-44-54814c16.jpg]
[onyxdestinations.com/medias/room/medium/45/whatsapp-image-2025-09-21-at-18-54-36-3217d55a.jpg]
[onyxdestinations.com/js/plugins/sharrre/jquery.sharrre.min.js]
[onyxdestinations.com/js/plugins/jquery.event.calendar/js/jquery.event.calendar.js]
[onyxdestinations.com/js/plugins/jquery.event.calendar/js/languages/jquery.event.calendar.en.js]
[cdnjs.cloudflare.com/ajax/libs/OwlCarousel2/2.3.4/owl.carousel.min.js]
[onyxdestinations.com/hotels/hoteldkox.html]
[onyxdestinations.com/medias/facility/big/74/wifi.png]
[onyxdestinations.com/medias/hotel/big/552/whatsapp-image-2025-11-03-at-02-49-19.jpg]
[onyxdestinations.com/medias/hotel/big/553/whatsapp-image-2025-11-03-at-02-49-19-5.jpg]
[onyxdestinations.com/medias/hotel/big/554/whatsapp-image-2025-11-03-at-02-49-20-15.jpg]
[onyxdestinations.com/medias/hotel/big/555/whatsapp-image-2025-11-03-at-02-49-20-4.jpg]
[onyxdestinations.com/medias/hotel/big/556/whatsapp-image-2025-11-03-at-02-49-19-1.jpg]
[onyxdestinations.com/medias/hotel/big/557/whatsapp-image-2025-11-03-at-02-49-19-3.jpg]
[onyxdestinations.com/medias/hotel/big/558/whatsapp-image-2025-11-03-at-02-49-20-1.jpg]
[onyxdestinations.com/medias/hotel/big/559/whatsapp-image-2025-11-03-at-02-49-19-2.jpg]
[onyxdestinations.com/medias/hotel/big/560/whatsapp-image-2025-11-03-at-02-49-20-2.jpg]
[onyxdestinations.com/medias/hotel/big/561/whatsapp-image-2025-11-03-at-02-49-20-8.jpg]
[onyxdestinations.com/medias/hotel/big/562/whatsapp-image-2025-11-03-at-02-49-20-3.jpg]
[onyxdestinations.com/medias/hotel/big/563/whatsapp-image-2025-11-03-at-02-49-20-7.jpg]
[onyxdestinations.com/medias/hotel/big/564/whatsapp-image-2025-11-03-at-02-49-20-21.jpg]
[onyxdestinations.com/medias/hotel/big/565/whatsapp-image-2025-11-03-at-02-49-20-9.jpg]
[onyxdestinations.com/medias/hotel/big/566/whatsapp-image-2025-11-03-at-02-49-20-19.jpg]
[onyxdestinations.com/medias/hotel/big/567/whatsapp-image-2025-11-03-at-02-49-20-17.jpg]
[onyxdestinations.com/medias/hotel/big/568/whatsapp-image-2025-11-03-at-02-49-20-20.jpg]
[onyxdestinations.com/medias/hotel/big/569/whatsapp-image-2025-11-03-at-02-49-20-12.jpg]
[onyxdestinations.com/medias/hotel/big/570/whatsapp-image-2025-11-03-at-02-49-20-16.jpg]
[onyxdestinations.com/medias/hotel/big/571/whatsapp-image-2025-11-03-at-02-49-20-11.jpg]
[onyxdestinations.com/medias/room/small/136/whatsapp-image-2025-09-21-at-19-04-47-5d9c7ce2.jpg]
[onyxdestinations.com/medias/room/medium/136/whatsapp-image-2025-09-21-at-19-04-47-5d9c7ce2.jpg]
[onyxdestinations.com/medias/room/medium/137/whatsapp-image-2025-09-21-at-19-04-45-ac671af7.jpg]
[onyxdestinations.com/medias/room/medium/138/whatsapp-image-2025-09-21-at-19-02-08-c144381a.jpg]
[onyxdestinations.com/medias/room/medium/139/whatsapp-image-2025-09-21-at-19-02-06-070b21e0.jpg]
[onyxdestinations.com/medias/room/medium/140/whatsapp-image-2025-09-21-at-19-04-46-ba4b9743.jpg]
[onyxdestinations.com/medias/room/medium/141/whatsapp-image-2025-09-21-at-19-02-07-6e48a1f1.jpg]
[onyxdestinations.com/medias/room/medium/142/whatsapp-image-2025-09-21-at-19-04-49-d80a2bbc.jpg]
[onyxdestinations.com/medias/room/medium/143/whatsapp-image-2025-09-21-at-19-04-45-b1ff8c38.jpg]
[onyxdestinations.com/medias/room/medium/144/whatsapp-image-2025-09-21-at-19-04-48-13292cff.jpg]
[onyxdestinations.com/medias/room/medium/145/whatsapp-image-2025-09-21-at-19-04-47-29ec5a08.jpg]
[onyxdestinations.com/medias/room/medium/146/whatsapp-image-2025-09-21-at-19-02-08-b4d03b24.jpg]
[onyxdestinations.com/medias/room/medium/147/whatsapp-image-2025-09-21-at-19-04-50-89b45786.jpg]
[onyxdestinations.com/hotels/binaykpalacepremiumox.html]
[onyxdestinations.com/medias/hotel/big/534/whatsapp-image-2025-10-30-at-06-48-06.jpg]
[onyxdestinations.com/medias/hotel/big/535/whatsapp-image-2025-10-30-at-06-48-06-2.jpg]
[onyxdestinations.com/medias/hotel/big/536/whatsapp-image-2025-10-30-at-06-48-06-5.jpg]
[onyxdestinations.com/medias/hotel/big/537/whatsapp-image-2025-10-30-at-06-48-06-7.jpg]
[onyxdestinations.com/medias/hotel/big/538/whatsapp-image-2025-10-30-at-06-48-06-4.jpg]
[onyxdestinations.com/medias/hotel/big/539/whatsapp-image-2025-10-30-at-06-48-06-8.jpg]
[onyxdestinations.com/medias/hotel/big/540/whatsapp-image-2025-10-30-at-06-48-06-1.jpg]
[onyxdestinations.com/medias/hotel/big/541/whatsapp-image-2025-10-30-at-06-48-06-6.jpg]
[onyxdestinations.com/medias/hotel/big/542/whatsapp-image-2025-10-30-at-06-48-06-17.jpg]
[onyxdestinations.com/medias/hotel/big/543/whatsapp-image-2025-10-30-at-06-48-06-13.jpg]
[onyxdestinations.com/medias/hotel/big/544/whatsapp-image-2025-10-30-at-06-48-06-11.jpg]
[onyxdestinations.com/medias/hotel/big/545/whatsapp-image-2025-10-30-at-06-48-06-18.jpg]
[onyxdestinations.com/medias/hotel/big/546/whatsapp-image-2025-10-30-at-06-48-06-10.jpg]
[onyxdestinations.com/medias/hotel/big/547/whatsapp-image-2025-10-30-at-06-48-06-12.jpg]
[onyxdestinations.com/medias/hotel/big/548/whatsapp-image-2025-10-30-at-06-48-06-9.jpg]
[onyxdestinations.com/medias/hotel/big/549/whatsapp-image-2025-10-30-at-06-48-06-14.jpg]
[onyxdestinations.com/medias/hotel/big/550/whatsapp-image-2025-10-30-at-06-48-06-19.jpg]
[onyxdestinations.com/medias/hotel/big/551/whatsapp-image-2025-10-30-at-06-48-06-20.jpg]
[onyxdestinations.com/medias/room/small/148/whatsapp-image-2025-09-22-at-22-40-25-35d2f03e.jpg]
[onyxdestinations.com/medias/room/medium/148/whatsapp-image-2025-09-22-at-22-40-25-35d2f03e.jpg]
[onyxdestinations.com/medias/room/medium/149/whatsapp-image-2025-09-22-at-22-40-26-60c1e293.jpg]
[onyxdestinations.com/medias/room/medium/150/whatsapp-image-2025-09-22-at-22-40-27-404d03c9.jpg]
[onyxdestinations.com/medias/room/medium/151/whatsapp-image-2025-09-22-at-22-40-27-9af81da0.jpg]
[onyxdestinations.com/medias/room/medium/152/whatsapp-image-2025-09-22-at-22-40-28-94f7ff8d.jpg]
[onyxdestinations.com/medias/room/medium/153/whatsapp-image-2025-09-22-at-22-40-25-8705f8c8.jpg]
[onyxdestinations.com/medias/room/medium/154/whatsapp-image-2025-09-22-at-22-40-25-2ab8e79b.jpg]
[onyxdestinations.com/medias/room/medium/155/whatsapp-image-2025-09-22-at-22-40-25-3eb5b4f6.jpg]
[onyxdestinations.com/medias/room/medium/156/whatsapp-image-2025-09-22-at-22-40-28-d4e1bd0e.jpg]
[onyxdestinations.com/medias/room/medium/157/whatsapp-image-2025-09-22-at-22-40-26-1a565c3c.jpg]
[onyxdestinations.com/medias/room/medium/158/whatsapp-image-2025-09-22-at-22-40-23-db35a2ee.jpg]
[onyxdestinations.com/medias/room/medium/266/whatsapp-image-2025-10-30-at-06-48-06-6.jpg]
[onyxdestinations.com/medias/room/medium/267/whatsapp-image-2025-10-30-at-06-48-06-3.jpg]
[onyxdestinations.com/medias/room/medium/268/whatsapp-image-2025-10-30-at-06-48-06-11.jpg]
[onyxdestinations.com/medias/room/medium/269/whatsapp-image-2025-10-30-at-06-48-06-17.jpg]
[onyxdestinations.com/medias/room/medium/270/whatsapp-image-2025-10-30-at-06-48-06-10.jpg]
[onyxdestinations.com/medias/room/medium/271/whatsapp-image-2025-10-30-at-06-48-06-9.jpg]
[onyxdestinations.com/medias/room/medium/272/whatsapp-image-2025-10-30-at-06-48-06-13.jpg]
[onyxdestinations.com/medias/room/medium/273/whatsapp-image-2025-10-30-at-06-48-06-14.jpg]
[onyxdestinations.com/medias/room/medium/274/whatsapp-image-2025-10-30-at-06-48-06-18.jpg]
[onyxdestinations.com/hotels/hotelsenoritainnox.html]
[onyxdestinations.com/medias/hotel/big/163/whatsapp-image-2025-09-22-at-10-36-36-434c734d.jpg]
[onyxdestinations.com/medias/hotel/big/164/whatsapp-image-2025-09-22-at-10-36-35-168ada8d.jpg]
[onyxdestinations.com/medias/hotel/big/165/whatsapp-image-2025-09-22-at-10-36-35-c1a05a7c.jpg]
[onyxdestinations.com/medias/hotel/big/166/whatsapp-image-2025-09-22-at-10-36-35-19382066.jpg]
[onyxdestinations.com/medias/hotel/big/167/whatsapp-image-2025-09-22-at-10-36-36-b89a1e68.jpg]
[onyxdestinations.com/medias/hotel/big/297/whatsapp-image-2025-09-30-at-11-12-02-3.jpg]
[onyxdestinations.com/medias/hotel/big/298/whatsapp-image-2025-09-30-at-11-12-02-6.jpg]
[onyxdestinations.com/medias/hotel/big/299/whatsapp-image-2025-09-30-at-11-12-02-9.jpg]
[onyxdestinations.com/medias/hotel/big/300/whatsapp-image-2025-09-30-at-11-12-02-8.jpg]
[onyxdestinations.com/medias/hotel/big/301/whatsapp-image-2025-09-30-at-11-12-02-7.jpg]
[onyxdestinations.com/medias/hotel/big/302/whatsapp-image-2025-09-30-at-11-12-02-5.jpg]
[onyxdestinations.com/medias/hotel/big/303/whatsapp-image-2025-09-30-at-11-12-02-10.jpg]
[onyxdestinations.com/medias/hotel/big/304/whatsapp-image-2025-09-30-at-11-12-02-4.jpg]
[onyxdestinations.com/medias/room/small/159/whatsapp-image-2025-09-22-at-22-53-08-afb616d3.jpg]
[onyxdestinations.com/medias/room/medium/159/whatsapp-image-2025-09-22-at-22-53-08-afb616d3.jpg]
[onyxdestinations.com/medias/room/medium/160/whatsapp-image-2025-09-22-at-22-53-08-17fdd266.jpg]
[onyxdestinations.com/medias/room/medium/161/whatsapp-image-2025-09-22-at-22-53-09-33f4cf4d.jpg]
[onyxdestinations.com/medias/room/medium/162/whatsapp-image-2025-09-22-at-22-53-07-502bf075.jpg]
[onyxdestinations.com/medias/room/medium/163/whatsapp-image-2025-09-22-at-22-53-06-a2d3b412.jpg]
[onyxdestinations.com/medias/room/medium/164/whatsapp-image-2025-09-22-at-22-53-06-9f4395fc.jpg]
[onyxdestinations.com/medias/room/small/165/whatsapp-image-2025-09-22-at-22-53-07-502bf075.jpg]
[onyxdestinations.com/medias/room/medium/165/whatsapp-image-2025-09-22-at-22-53-07-502bf075.jpg]
[onyxdestinations.com/medias/room/medium/166/whatsapp-image-2025-09-22-at-22-53-08-85f7b7a3.jpg]
[onyxdestinations.com/medias/room/medium/167/whatsapp-image-2025-09-22-at-22-53-06-a2d3b412.jpg]
[onyxdestinations.com/medias/room/medium/168/whatsapp-image-2025-09-22-at-22-53-07-ea379b27.jpg]
[onyxdestinations.com/medias/room/medium/169/whatsapp-image-2025-09-22-at-22-53-09-66b0dac5.jpg]
[onyxdestinations.com/hotels/suryabeachinnox.html]
[onyxdestinations.com/medias/hotel/big/470/whatsapp-image-2025-10-30-at-02-52-29-4.jpg]
[onyxdestinations.com/medias/hotel/big/471/whatsapp-image-2025-10-30-at-02-52-29-1.jpg]
[onyxdestinations.com/medias/hotel/big/473/whatsapp-image-2025-10-30-at-02-52-29-3.jpg]
[onyxdestinations.com/medias/hotel/big/474/whatsapp-image-2025-10-30-at-02-52-29-2.jpg]
[onyxdestinations.com/medias/hotel/big/475/whatsapp-image-2025-10-30-at-02-52-29-9.jpg]
[onyxdestinations.com/medias/hotel/big/476/whatsapp-image-2025-10-30-at-02-52-29-10.jpg]
[onyxdestinations.com/medias/hotel/big/477/whatsapp-image-2025-10-30-at-02-52-29-8.jpg]
[onyxdestinations.com/medias/hotel/big/478/whatsapp-image-2025-10-30-at-02-52-29-6.jpg]
[onyxdestinations.com/medias/hotel/big/479/whatsapp-image-2025-10-30-at-02-52-29-5.jpg]
[onyxdestinations.com/medias/hotel/big/480/whatsapp-image-2025-10-30-at-02-52-29-7.jpg]
[onyxdestinations.com/medias/hotel/big/481/whatsapp-image-2025-10-30-at-02-52-29-16.jpg]
[onyxdestinations.com/medias/hotel/big/482/whatsapp-image-2025-10-30-at-02-52-29.jpg]
[onyxdestinations.com/medias/hotel/big/483/whatsapp-image-2025-10-30-at-02-52-29-17.jpg]
[onyxdestinations.com/medias/hotel/big/484/whatsapp-image-2025-10-30-at-02-52-29-15.jpg]
[onyxdestinations.com/medias/room/small/112/whatsapp-image-2025-09-21-at-19-21-37-4ee8b360.jpg]
[onyxdestinations.com/medias/room/medium/112/whatsapp-image-2025-09-21-at-19-21-37-4ee8b360.jpg]
[onyxdestinations.com/medias/room/medium/113/whatsapp-image-2025-09-21-at-19-27-55-aeb22f7b.jpg]
[onyxdestinations.com/medias/room/medium/115/whatsapp-image-2025-09-21-at-19-19-41-210a39bb.jpg]
[onyxdestinations.com/medias/room/medium/116/whatsapp-image-2025-09-21-at-19-25-59-8e333423.jpg]
[onyxdestinations.com/medias/room/medium/117/whatsapp-image-2025-09-21-at-19-27-50-48a72618.jpg]
[onyxdestinations.com/medias/room/medium/118/whatsapp-image-2025-09-21-at-19-27-53-ac021853.jpg]
[onyxdestinations.com/medias/room/medium/119/whatsapp-image-2025-09-21-at-19-18-55-3248f810.jpg]
[onyxdestinations.com/medias/room/medium/120/whatsapp-image-2025-09-21-at-19-25-25-3a7599c4.jpg]
[onyxdestinations.com/medias/room/medium/121/whatsapp-image-2025-09-21-at-19-25-53-33bcd619.jpg]
[onyxdestinations.com/medias/room/medium/122/whatsapp-image-2025-09-21-at-19-25-32-b8908a23.jpg]
[onyxdestinations.com/medias/room/medium/123/whatsapp-image-2025-09-21-at-19-27-48-ff6d74d0.jpg]
[onyxdestinations.com/medias/room/medium/124/whatsapp-image-2025-09-21-at-19-25-43-afa766e6.jpg]
[onyxdestinations.com/medias/room/medium/125/whatsapp-image-2025-09-21-at-19-27-31-b71e9149.jpg]
[onyxdestinations.com/hotels/hotelswagatinnox.html]
[onyxdestinations.com/medias/hotel/big/116/14886i2sfcdf-sm.jpg]
[onyxdestinations.com/medias/hotel/big/406/untitled-design-3.png]
[onyxdestinations.com/medias/hotel/big/407/untitled-design-5.png]
[onyxdestinations.com/medias/hotel/big/408/untitled-design-2.png]
[onyxdestinations.com/medias/hotel/big/409/untitled-design-1.png]
[onyxdestinations.com/medias/hotel/big/410/untitled-design-4.png]
[onyxdestinations.com/hotels/lucky-guest-house-ox.html]
[onyxdestinations.com/medias/facility/big/77/elevator.png]
[onyxdestinations.com/medias/facility/big/84/mineral-water.png]
[onyxdestinations.com/medias/hotel/big/373/whatsapp-image-2025-10-28-at-00-56-23-4.jpg]
[onyxdestinations.com/medias/hotel/big/374/whatsapp-image-2025-10-28-at-00-56-23-3.jpg]
[onyxdestinations.com/medias/hotel/big/419/whatsapp-image-2025-10-28-at-07-12-35-1.jpg]
[onyxdestinations.com/medias/hotel/big/420/whatsapp-image-2025-10-28-at-07-12-34-1.jpg]
[onyxdestinations.com/medias/hotel/big/421/whatsapp-image-2025-10-28-at-07-11-17.jpg]
[onyxdestinations.com/medias/hotel/big/422/whatsapp-image-2025-10-28-at-07-12-19.jpg]
[onyxdestinations.com/medias/hotel/big/423/whatsapp-image-2025-10-28-at-07-12-24.jpg]
[onyxdestinations.com/medias/hotel/big/424/whatsapp-image-2025-10-28-at-07-12-18.jpg]
[onyxdestinations.com/medias/hotel/big/425/whatsapp-image-2025-10-28-at-07-12-19-1.jpg]
[onyxdestinations.com/medias/hotel/big/426/whatsapp-image-2025-10-28-at-07-12-11.jpg]
[onyxdestinations.com/medias/hotel/big/427/whatsapp-image-2025-10-28-at-07-10-51.jpg]
[onyxdestinations.com/medias/hotel/big/428/whatsapp-image-2025-10-28-at-07-12-39-1.jpg]
[onyxdestinations.com/medias/hotel/big/429/whatsapp-image-2025-10-28-at-07-12-36.jpg]
[onyxdestinations.com/medias/hotel/big/430/whatsapp-image-2025-10-28-at-07-12-49.jpg]
[onyxdestinations.com/medias/hotel/big/431/whatsapp-image-2025-10-28-at-07-12-39.jpg]
[onyxdestinations.com/medias/hotel/big/432/whatsapp-image-2025-10-28-at-07-12-41.jpg]
[onyxdestinations.com/medias/hotel/big/433/whatsapp-image-2025-10-28-at-07-12-46.jpg]
[onyxdestinations.com/medias/room/small/201/whatsapp-image-2025-10-28-at-07-12-31.jpg]
[onyxdestinations.com/medias/room/medium/201/whatsapp-image-2025-10-28-at-07-12-31.jpg]
[onyxdestinations.com/medias/room/medium/202/whatsapp-image-2025-10-28-at-07-12-29-1.jpg]
[onyxdestinations.com/medias/room/medium/203/whatsapp-image-2025-10-28-at-07-12-29.jpg]
[onyxdestinations.com/medias/room/small/204/whatsapp-image-2025-10-28-at-07-12-28-1.jpg]
[onyxdestinations.com/medias/room/medium/204/whatsapp-image-2025-10-28-at-07-12-28-1.jpg]
[onyxdestinations.com/medias/room/medium/205/whatsapp-image-2025-10-28-at-07-12-19.jpg]
[onyxdestinations.com/medias/room/medium/206/whatsapp-image-2025-10-28-at-07-12-26-1.jpg]
[onyxdestinations.com/medias/room/medium/207/whatsapp-image-2025-10-28-at-07-12-27-1.jpg]
[onyxdestinations.com/medias/room/small/213/whatsapp-image-2025-10-28-at-07-12-15.jpg]
[onyxdestinations.com/medias/room/medium/213/whatsapp-image-2025-10-28-at-07-12-15.jpg]
[onyxdestinations.com/medias/room/medium/214/whatsapp-image-2025-10-28-at-07-12-32.jpg]
[onyxdestinations.com/medias/room/medium/215/whatsapp-image-2025-10-28-at-07-12-27-1.jpg]
[onyxdestinations.com/medias/room/medium/216/whatsapp-image-2025-10-28-at-07-12-39-1.jpg]
[onyxdestinations.com/medias/room/medium/217/whatsapp-image-2025-10-28-at-07-12-33.jpg]
[onyxdestinations.com/medias/room/medium/218/whatsapp-image-2025-10-28-at-07-12-40.jpg]
[onyxdestinations.com/hotels/hotel-new-horizons-ox.html]
[onyxdestinations.com/medias/hotel/medium/361/whatsapp-image-2025-10-28-at-00-56-23-2.jpg]
[onyxdestinations.com/medias/facility/big/86/meeting-room.png]
[onyxdestinations.com/medias/hotel/big/361/whatsapp-image-2025-10-28-at-00-56-23-2.jpg]
[onyxdestinations.com/medias/hotel/big/362/whatsapp-image-2025-10-28-at-00-56-23-1.jpg]
[onyxdestinations.com/medias/hotel/big/363/whatsapp-image-2025-10-28-at-00-48-52-1.jpg]
[onyxdestinations.com/medias/hotel/big/364/whatsapp-image-2025-10-28-at-00-48-52-5.jpg]
[onyxdestinations.com/medias/hotel/big/365/whatsapp-image-2025-10-28-at-00-48-52-7.jpg]
[onyxdestinations.com/medias/hotel/big/366/whatsapp-image-2025-10-28-at-00-48-52-10.jpg]
[onyxdestinations.com/medias/hotel/big/367/whatsapp-image-2025-10-28-at-00-48-52-8.jpg]
[onyxdestinations.com/medias/hotel/big/368/whatsapp-image-2025-10-28-at-00-48-52-3.jpg]
[onyxdestinations.com/medias/hotel/big/369/whatsapp-image-2025-10-28-at-00-48-52-2.jpg]
[onyxdestinations.com/medias/hotel/big/370/whatsapp-image-2025-10-28-at-00-48-52-6.jpg]
[onyxdestinations.com/medias/hotel/big/371/whatsapp-image-2025-10-28-at-00-48-52-11.jpg]
[onyxdestinations.com/medias/hotel/big/372/whatsapp-image-2025-10-28-at-00-48-52-15.jpg]
[onyxdestinations.com/medias/hotel/big/411/whatsapp-image-2025-10-28-at-06-13-29-1.jpg]
[onyxdestinations.com/medias/hotel/big/412/whatsapp-image-2025-10-28-at-06-13-29.jpg]
[onyxdestinations.com/medias/hotel/big/413/whatsapp-image-2025-10-28-at-06-13-12.jpg]
[onyxdestinations.com/medias/hotel/big/414/whatsapp-image-2025-10-28-at-06-13-29-2.jpg]
[onyxdestinations.com/medias/hotel/big/415/whatsapp-image-2025-10-28-at-06-17-47.jpg]
[onyxdestinations.com/medias/hotel/big/416/whatsapp-image-2025-10-28-at-07-09-12.jpg]
[onyxdestinations.com/medias/hotel/big/417/whatsapp-image-2025-10-28-at-07-09-32.jpg]
[onyxdestinations.com/medias/hotel/big/418/whatsapp-image-2025-10-28-at-07-09-34.jpg]
[onyxdestinations.com/medias/room/small/275/whatsapp-image-2025-10-28-at-06-13-29-1.jpg]
[onyxdestinations.com/medias/room/medium/275/whatsapp-image-2025-10-28-at-06-13-29-1.jpg]
[onyxdestinations.com/medias/room/medium/276/whatsapp-image-2025-10-28-at-00-48-52-4.jpg]
[onyxdestinations.com/medias/room/medium/277/whatsapp-image-2025-10-28-at-00-48-52-3.jpg]
[onyxdestinations.com/medias/room/medium/278/whatsapp-image-2025-10-28-at-00-48-52-7.jpg]
[onyxdestinations.com/medias/room/medium/279/whatsapp-image-2025-10-28-at-00-48-52-14.jpg]
[onyxdestinations.com/medias/room/medium/280/whatsapp-image-2025-10-28-at-00-48-52-13.jpg]
[onyxdestinations.com/medias/room/medium/281/whatsapp-image-2025-10-28-at-00-48-52-6.jpg]
[onyxdestinations.com/medias/room/medium/282/whatsapp-image-2025-10-28-at-00-48-52-2.jpg]
[onyxdestinations.com/medias/room/small/176/whatsapp-image-2025-09-22-at-23-27-54-8b9be316.jpg]
[onyxdestinations.com/medias/room/medium/176/whatsapp-image-2025-09-22-at-23-27-54-8b9be316.jpg]
[onyxdestinations.com/medias/room/medium/177/whatsapp-image-2025-09-22-at-23-27-53-5e42e069.jpg]
[onyxdestinations.com/medias/room/medium/178/whatsapp-image-2025-09-22-at-23-27-53-6a319f7f.jpg]
[onyxdestinations.com/medias/room/medium/179/whatsapp-image-2025-09-22-at-23-27-53-23cd1704.jpg]
[onyxdestinations.com/medias/room/medium/180/whatsapp-image-2025-09-22-at-23-27-53-b5fa3012.jpg]
[onyxdestinations.com/medias/room/medium/181/whatsapp-image-2025-09-22-at-23-27-53-c57d9de4.jpg]
[onyxdestinations.com/medias/room/medium/182/whatsapp-image-2025-09-22-at-23-27-54-abe3fe96.jpg]
[onyxdestinations.com/medias/room/medium/183/whatsapp-image-2025-09-22-at-23-27-53-26744ee7.jpg]
[onyxdestinations.com/medias/room/medium/184/whatsapp-image-2025-09-22-at-23-27-53-cec9e6fb.jpg]
[onyxdestinations.com/medias/room/medium/185/whatsapp-image-2025-09-22-at-23-27-52-812da21d.jpg]
[onyxdestinations.com/medias/room/medium/186/whatsapp-image-2025-09-22-at-23-27-52-e88595a7.jpg]
[onyxdestinations.com/medias/room/medium/187/whatsapp-image-2025-09-22-at-23-27-54-4ab9b649.jpg]
[onyxdestinations.com/medias/room/medium/188/whatsapp-image-2025-09-22-at-23-27-52-c29cb3ee.jpg]
[onyxdestinations.com/medias/room/small/208/whatsapp-image-2025-10-28-at-07-12-40-1.jpg]
[onyxdestinations.com/medias/room/medium/208/whatsapp-image-2025-10-28-at-07-12-40-1.jpg]
[onyxdestinations.com/medias/room/medium/209/whatsapp-image-2025-10-28-at-07-12-35.jpg]
[onyxdestinations.com/medias/room/medium/210/whatsapp-image-2025-10-28-at-07-12-37.jpg]
[onyxdestinations.com/medias/room/medium/211/whatsapp-image-2025-10-28-at-07-12-36.jpg]
[onyxdestinations.com/medias/room/medium/212/whatsapp-image-2025-10-28-at-07-12-36-1.jpg]
[onyxdestinations.com/medias/room/small/283/whatsapp-image-2025-10-28-at-07-09-25.jpg]
[onyxdestinations.com/medias/room/medium/283/whatsapp-image-2025-10-28-at-07-09-25.jpg]
[onyxdestinations.com/medias/room/medium/284/whatsapp-image-2025-10-28-at-07-09-34.jpg]
[onyxdestinations.com/medias/room/medium/285/whatsapp-image-2025-10-28-at-07-09-14.jpg]
[onyxdestinations.com/medias/room/medium/286/whatsapp-image-2025-10-28-at-07-09-32.jpg]
[onyxdestinations.com/medias/room/medium/287/whatsapp-image-2025-10-28-at-07-09-17.jpg]
[onyxdestinations.com/medias/room/medium/289/whatsapp-image-2025-10-28-at-00-48-52-7.jpg]
[onyxdestinations.com/hotels/hotel-new-beach-resorts.html]
[onyxdestinations.com/medias/hotel/medium/572/027634b6-fb7a-465d-9e82-013b299fa456.jpg]
[onyxdestinations.com/medias/hotel/big/572/027634b6-fb7a-465d-9e82-013b299fa456.jpg]
[onyxdestinations.com/medias/hotel/big/573/074621ca-d246-4e1d-968a-a22917635ee8.jpg]
[onyxdestinations.com/medias/hotel/big/574/untitled-design-4.png]
[onyxdestinations.com/medias/hotel/big/575/untitled-design-3.png]
[onyxdestinations.com/medias/hotel/big/576/dd6317a8-3006-41a9-94aa-551ef735c9e6.jpg]
[onyxdestinations.com/medias/hotel/big/577/554efc0c-6d0a-45f1-9a10-bd8fbd5d349d.jpg]
[onyxdestinations.com/medias/hotel/big/578/5375f1a3-8354-4182-9bd7-45af806ecfb2.jpg]
[onyxdestinations.com/medias/hotel/big/579/882bc9fc-b0b8-40d0-bcf7-a6f64d3df013.jpg]
[onyxdestinations.com/medias/hotel/big/580/72c8e2c2-1c45-4ec9-96e8-946190602ad9.jpg]
[onyxdestinations.com/medias/hotel/big/581/c4710464-ca04-44da-b892-1a0e7b75ae7f.jpg]
[onyxdestinations.com/medias/hotel/big/582/whatsapp-image-2025-11-05-at-07-16-13.jpg]
[onyxdestinations.com/medias/hotel/big/583/whatsapp-image-2025-11-05-at-08-08-59.jpg]
[onyxdestinations.com/medias/hotel/big/584/whatsapp-image-2025-11-05-at-08-08-59-1.jpg]
[onyxdestinations.com/medias/hotel/big/585/whatsapp-image-2025-11-05-at-08-08-59-2.jpg]
[onyxdestinations.com/medias/hotel/big/586/whatsapp-image-2025-11-05-at-08-08-59-3.jpg]
[onyxdestinations.com/medias/hotel/big/587/whatsapp-image-2025-11-05-at-07-16-13-7.jpg]
[onyxdestinations.com/medias/room/small/195/whatsapp-image-2025-10-16-at-14-03-37-1.jpg]
[onyxdestinations.com/medias/room/medium/195/whatsapp-image-2025-10-16-at-14-03-37-1.jpg]
[onyxdestinations.com/medias/room/medium/196/whatsapp-image-2025-10-16-at-14-03-36.jpg]
[onyxdestinations.com/medias/room/small/197/whatsapp-image-2025-10-16-at-14-03-38-1.jpg]
[onyxdestinations.com/medias/room/medium/197/whatsapp-image-2025-10-16-at-14-03-38-1.jpg]
[onyxdestinations.com/medias/room/medium/198/whatsapp-image-2025-10-16-at-14-03-38.jpg]
[onyxdestinations.com/medias/room/small/199/whatsapp-image-2025-10-16-at-14-03-37.jpg]
[onyxdestinations.com/medias/room/medium/199/whatsapp-image-2025-10-16-at-14-03-37.jpg]
[onyxdestinations.com/medias/room/medium/200/whatsapp-image-2025-10-16-at-14-03-36-1.jpg]
[onyxdestinations.com/hotels/silkserenityox.html]
[onyxdestinations.com/medias/hotel/medium/348/img-20251027-wa0004.jpg]
[onyxdestinations.com/medias/facility/big/56/globe.png]
[onyxdestinations.com/medias/facility/big/58/microwave.png]
[onyxdestinations.com/medias/hotel/big/348/img-20251027-wa0004.jpg]
[onyxdestinations.com/medias/hotel/big/350/img-20251027-wa0002.jpg]
[onyxdestinations.com/medias/hotel/big/351/img-20251027-wa0016.jpg]
[onyxdestinations.com/medias/hotel/big/352/img-20251027-wa0008.jpg]
[onyxdestinations.com/medias/hotel/big/353/img-20251027-wa0015.jpg]
[onyxdestinations.com/medias/hotel/big/354/img-20251027-wa0005.jpg]
[onyxdestinations.com/medias/hotel/big/355/img-20251027-wa0012.jpg]
[onyxdestinations.com/medias/hotel/big/356/img-20251027-wa0010.jpg]
[onyxdestinations.com/medias/hotel/big/357/img-20251027-wa0003-1.jpg]
[onyxdestinations.com/hotels/hotelshreesampada.html]
[onyxdestinations.com/medias/hotel/medium/396/whatsapp-image-2025-10-27-at-05-09-56-1.jpg]
[onyxdestinations.com/medias/hotel/big/396/whatsapp-image-2025-10-27-at-05-09-56-1.jpg]
[onyxdestinations.com/medias/hotel/big/397/whatsapp-image-2025-10-27-at-05-09-57.jpg]
[onyxdestinations.com/medias/hotel/big/398/whatsapp-image-2025-10-27-at-05-09-57-1.jpg]
[onyxdestinations.com/medias/hotel/big/399/whatsapp-image-2025-10-27-at-05-09-56.jpg]
[onyxdestinations.com/medias/hotel/big/400/whatsapp-image-2025-10-27-at-05-09-55-2.jpg]
[onyxdestinations.com/medias/hotel/big/401/whatsapp-image-2025-10-27-at-05-09-58.jpg]
[onyxdestinations.com/medias/hotel/big/402/whatsapp-image-2025-10-27-at-05-09-55.jpg]
[onyxdestinations.com/medias/hotel/big/403/whatsapp-image-2025-10-27-at-05-09-55-1.jpg]
[onyxdestinations.com/medias/hotel/big/404/whatsapp-image-2025-10-27-at-05-09-56-2.jpg]
[onyxdestinations.com/medias/hotel/big/405/whatsapp-image-2025-10-27-at-05-09-58-1.jpg]
[onyxdestinations.com/hotels/hotel-sagar-bela.html]
[onyxdestinations.com/medias/hotel/medium/434/whatsapp-image-2025-10-29-at-07-08-01.jpg]
[onyxdestinations.com/medias/facility/big/51/machine-13561699.png]
[onyxdestinations.com/medias/hotel/big/434/whatsapp-image-2025-10-29-at-07-08-01.jpg]
[onyxdestinations.com/medias/hotel/big/435/whatsapp-image-2025-10-29-at-07-16-40.jpg]
[onyxdestinations.com/medias/hotel/big/436/whatsapp-image-2025-10-29-at-07-08-01-9.jpg]
[onyxdestinations.com/medias/hotel/big/437/whatsapp-image-2025-10-29-at-07-08-01-5.jpg]
[onyxdestinations.com/medias/hotel/big/438/whatsapp-image-2025-10-29-at-07-08-01-11.jpg]
[onyxdestinations.com/medias/hotel/big/439/whatsapp-image-2025-10-29-at-07-08-01-10.jpg]
[onyxdestinations.com/medias/hotel/big/440/whatsapp-image-2025-10-29-at-07-08-01-2.jpg]
[onyxdestinations.com/medias/hotel/big/441/whatsapp-image-2025-10-29-at-07-08-01-3.jpg]
[onyxdestinations.com/medias/hotel/big/442/whatsapp-image-2025-10-29-at-07-08-01-12.jpg]
[onyxdestinations.com/medias/hotel/big/443/whatsapp-image-2025-10-29-at-07-08-01-4.jpg]
[onyxdestinations.com/medias/hotel/big/444/whatsapp-image-2025-10-29-at-07-08-01-15.jpg]
[onyxdestinations.com/medias/hotel/big/445/whatsapp-image-2025-10-29-at-07-08-01-6.jpg]
[onyxdestinations.com/medias/hotel/big/446/whatsapp-image-2025-10-29-at-07-08-01-8.jpg]
[onyxdestinations.com/medias/hotel/big/447/whatsapp-image-2025-10-29-at-07-08-01-7.jpg]
[onyxdestinations.com/medias/hotel/big/448/whatsapp-image-2025-10-29-at-07-08-01-1.jpg]
[onyxdestinations.com/medias/hotel/big/449/whatsapp-image-2025-10-29-at-07-08-01-14.jpg]
[onyxdestinations.com/medias/room/small/219/whatsapp-image-2025-10-29-at-07-08-01-11.jpg]
[onyxdestinations.com/medias/room/medium/219/whatsapp-image-2025-10-29-at-07-08-01-11.jpg]
[onyxdestinations.com/medias/room/medium/220/whatsapp-image-2025-10-29-at-07-08-01-5.jpg]
[onyxdestinations.com/medias/room/medium/221/whatsapp-image-2025-10-29-at-07-08-01-1.jpg]
[onyxdestinations.com/medias/room/medium/222/whatsapp-image-2025-10-29-at-07-08-01-4.jpg]
[onyxdestinations.com/medias/room/small/224/whatsapp-image-2025-10-29-at-07-08-01-12.jpg]
[onyxdestinations.com/medias/room/medium/224/whatsapp-image-2025-10-29-at-07-08-01-12.jpg]
[onyxdestinations.com/medias/room/medium/225/whatsapp-image-2025-10-29-at-07-08-01-8.jpg]
[onyxdestinations.com/medias/room/medium/226/whatsapp-image-2025-10-29-at-07-08-01-7.jpg]
[onyxdestinations.com/medias/room/medium/227/whatsapp-image-2025-10-29-at-07-08-01-14.jpg]
[onyxdestinations.com/medias/room/medium/228/whatsapp-image-2025-10-29-at-07-08-01-10.jpg]
[onyxdestinations.com/medias/room/medium/229/whatsapp-image-2025-10-29-at-07-08-01-3.jpg]
[onyxdestinations.com/medias/room/medium/230/whatsapp-image-2025-10-29-at-07-08-01-13.jpg]
[onyxdestinations.com/medias/room/medium/231/whatsapp-image-2025-10-29-at-07-08-01-9.jpg]
[onyxdestinations.com/hotels/hotel-gyanada-residency.html]
[onyxdestinations.com/medias/hotel/medium/485/untitled-design-8.png]
[onyxdestinations.com/medias/hotel/big/485/untitled-design-8.png]
[onyxdestinations.com/medias/hotel/big/490/whatsapp-image-2025-10-30-at-03-37-46-1.jpg]
[onyxdestinations.com/medias/hotel/big/491/whatsapp-image-2025-10-30-at-03-37-46.jpg]
[onyxdestinations.com/medias/hotel/big/492/whatsapp-image-2025-10-30-at-03-37-46-3.jpg]
[onyxdestinations.com/medias/hotel/big/493/whatsapp-image-2025-10-30-at-03-37-46-2.jpg]
[onyxdestinations.com/medias/hotel/big/494/untitled-design-7.png]
[onyxdestinations.com/medias/hotel/big/495/untitled-design-6.png]
[onyxdestinations.com/medias/hotel/big/496/untitled-design-9.png]
[onyxdestinations.com/medias/hotel/big/497/untitled-design-4.png]
[onyxdestinations.com/medias/hotel/big/498/untitled-design-5.png]
[onyxdestinations.com/medias/hotel/big/499/whatsapp-image-2025-10-30-at-03-57-51.jpg]
[onyxdestinations.com/medias/room/small/249/whatsapp-image-2025-10-30-at-03-37-46-3.jpg]
[onyxdestinations.com/medias/room/medium/249/whatsapp-image-2025-10-30-at-03-37-46-3.jpg]
[onyxdestinations.com/medias/room/medium/250/untitled-design-7.png]
[onyxdestinations.com/medias/room/medium/251/untitled-design-6.png]
[onyxdestinations.com/medias/room/medium/252/untitled-design-5.png]
[onyxdestinations.com/medias/room/medium/253/whatsapp-image-2025-10-30-at-03-37-46.jpg]
[onyxdestinations.com/medias/room/medium/254/untitled-design-9.png]
[onyxdestinations.com/medias/room/medium/255/whatsapp-image-2025-10-30-at-03-37-46-2.jpg]
[onyxdestinations.com/medias/room/medium/256/untitled-design-4.png]
[onyxdestinations.com/medias/room/medium/257/whatsapp-image-2025-10-30-at-03-57-51.jpg]
[onyxdestinations.com/hotels/hotel-maximilian-villa.html]
[onyxdestinations.com/medias/hotel/medium/605/whatsapp-image-2025-11-26-at-5-43-36-am-1.jpg]
[onyxdestinations.com/medias/facility/big/54/refrigerator.png]
[onyxdestinations.com/medias/facility/big/55/hairdryer.png]
[onyxdestinations.com/medias/facility/big/57/iron.png]
[onyxdestinations.com/medias/facility/big/60/no-smoking.png]
[onyxdestinations.com/medias/facility/big/61/parking.png]
[onyxdestinations.com/medias/facility/big/62/dog.png]
[onyxdestinations.com/medias/facility/big/64/radio.png]
[onyxdestinations.com/medias/facility/big/65/safebox.png]
[onyxdestinations.com/medias/facility/big/66/satellite.png]
[onyxdestinations.com/medias/facility/big/72/washing-machine.png]
[onyxdestinations.com/medias/facility/big/73/wheelchair.png]
[onyxdestinations.com/medias/facility/big/75/speaker.png]
[onyxdestinations.com/medias/facility/big/76/player.png]
[onyxdestinations.com/medias/hotel/big/605/whatsapp-image-2025-11-26-at-5-43-36-am-1.jpg]
[onyxdestinations.com/medias/hotel/big/606/whatsapp-image-2025-11-26-at-5-43-28-am-1.jpg]
[onyxdestinations.com/medias/hotel/big/607/whatsapp-image-2025-11-26-at-5-43-31-am-1.jpg]
[onyxdestinations.com/medias/hotel/big/608/whatsapp-image-2025-11-26-at-5-43-27-am.jpg]
[onyxdestinations.com/medias/hotel/big/609/whatsapp-image-2025-11-26-at-5-43-48-am.jpg]
[onyxdestinations.com/medias/hotel/big/610/whatsapp-image-2025-11-26-at-5-43-31-am.jpg]
[onyxdestinations.com/medias/hotel/big/611/whatsapp-image-2025-11-26-at-5-43-27-am-2.jpg]
[onyxdestinations.com/medias/hotel/big/612/whatsapp-image-2025-11-26-at-5-43-27-am-1.jpg]
[onyxdestinations.com/medias/hotel/big/613/whatsapp-image-2025-11-26-at-5-43-28-am.jpg]
[onyxdestinations.com/hotels/stayelitehotelroyalorbit.html]
[onyxdestinations.com/booking/bbi.html]
[onyxdestinations.com/booking/puri.html]
[onyxdestinations.com/booking/cuttack.html]
[onyxdestinations.com/medias/article/big/26/whatsapp-image-2025-10-28-at-05-02-55.jpg]
[onyxdestinations.com/medias/article/big/46/62247ad4e0314169f6a30603f1dea9c8.jpg]
[onyxdestinations.com/medias/article/big/47/758bad81b347306fa9dad331ee9a2935.jpg]
[onyxdestinations.com/about-us/hidden-kendrapada.html]
[onyxdestinations.com/medias/article/big/28/30cb1cea1fa9fb39de03d1c8c8cff722.jpg]
[onyxdestinations.com/medias/article/big/29/5c07ccb05d6b7e17e75220154c650b18.jpg]
[onyxdestinations.com/medias/article/medium/29/5c07ccb05d6b7e17e75220154c650b18.jpg]
[onyxdestinations.com/gallery/hukitola-island.html]
[onyxdestinations.com/medias/article/big/30/32a1d4185a9f1180802dfac79c2d1685.jpg]
[onyxdestinations.com/medias/article/big/31/6b49c195602afbd69c36c2081dbd51c8.jpg]
[onyxdestinations.com/medias/article/big/32/1e0fed12736fc7c531aeee167f678d2b.jpg]
[onyxdestinations.com/medias/article/big/33/ac8a052011238d52be9e590ec3be5252.jpg]
[onyxdestinations.com/medias/article/big/34/1ec7b8788b3fd5b8567ef1b70dcd4cca.jpg]
[onyxdestinations.com/medias/article/big/35/aa00a951148a45e112de209d6f76c845.jpg]
[onyxdestinations.com/about-us/the-temple-city.html]
[onyxdestinations.com/medias/article/big/44/dc181d9e0a47f8ae8ac8bd586d3198a3.jpg]
[onyxdestinations.com/medias/article/big/45/9c4d4bb03a2efbaf0c45ce75183db595.jpg]
[onyxdestinations.com/about-us/puri-sea-beach.html]
[onyxdestinations.com/medias/article/big/40/9d6f06c35a6056b3bf4df4e58e55a864.jpg]
[onyxdestinations.com/medias/article/big/41/4f1730794eb0591140c66f5fe21a6d01.jpg]
[onyxdestinations.com/medias/article/big/42/d6ad2bf0d9dce610c36baec4d0fe81f6.jpg]
[onyxdestinations.com/medias/article/big/43/38a5dfa05c9d2e5d18883c853d00f294.jpg]
[onyxdestinations.com/medias/article/big/72/35e84f004eca8373a4cbd1ec9bd76498.jpg]
[onyxdestinations.com/medias/article/big/73/fa0c983d3e9e9e8aadd8e665d7b711ad.jpg]
[onyxdestinations.com/medias/article/big/81/2af781ef898c0ab69bb53be2aabdcf92.jpg]
[onyxdestinations.com/medias/article/big/82/dc9b80e9df1fb229e59b7becefd62793.jpg]
[onyxdestinations.com/about-us/jagannath-temple.html]
[onyxdestinations.com/medias/article/big/48/332137fd1a09cf5add4e723709ca9f47.jpg]
[onyxdestinations.com/medias/article/big/49/ac71a2b350813f3f76049cf33a881f2a.jpg]
[onyxdestinations.com/medias/article/medium/49/ac71a2b350813f3f76049cf33a881f2a.jpg]
[onyxdestinations.com/medias/article/big/50/33f988523520f1f0527284204764f606.jpg]
[onyxdestinations.com/medias/article/medium/50/33f988523520f1f0527284204764f606.jpg]
[onyxdestinations.com/gallery/rath-yatra-puri.html]
[onyxdestinations.com/medias/article/big/51/0dd23f9cef969aca8d1a8c01a8c9310b.jpg]
[onyxdestinations.com/medias/article/big/52/e53fb1a73c255db9d8753384b0a14e34.jpg]
[onyxdestinations.com/medias/article/big/53/5ba4bdfce3dcdec677f89ad1148d8ecf.jpg]
[onyxdestinations.com/medias/article/big/54/dfd93b8d904ed78df53fd342095cf654.jpg]
[onyxdestinations.com/medias/article/big/55/a9d8ebe3e5007d16e344463056b286ab.jpg]
[onyxdestinations.com/medias/article/big/56/5a36c88407ae29e6b142f5fc04c62377.jpg]
[onyxdestinations.com/medias/article/big/57/94444500657c63dd909bb41f66ead6ff.jpg]
[onyxdestinations.com/medias/article/big/62/a162d09c913b12ddef946e579a960735.jpg]
[onyxdestinations.com/about-us/cuttack-the-silver-city.html]
[onyxdestinations.com/medias/article/big/58/8e4be9a8e3223d59e5fac2598f6f4062.jpg]
[onyxdestinations.com/medias/article/big/59/f7f16eda4961a22bf3da386f30d7c538.jpg]
[onyxdestinations.com/medias/article/medium/59/f7f16eda4961a22bf3da386f30d7c538.jpg]
[onyxdestinations.com/medias/article/big/60/5335e59b45f74ca20f11dca53305692d.jpg]
[onyxdestinations.com/medias/article/medium/60/5335e59b45f74ca20f11dca53305692d.jpg]
[onyxdestinations.com/medias/article/big/61/9c13b06b26fe21d656eb2e7fb51625d2.jpg]
[onyxdestinations.com/medias/article/medium/61/9c13b06b26fe21d656eb2e7fb51625d2.jpg]
[onyxdestinations.com/gallery/konark-sun-temple.html]
[onyxdestinations.com/medias/article/big/63/be986441922a996f4664d9e3fa7a3461.jpg]
[onyxdestinations.com/medias/article/big/64/0394279f6fb7a964a94d28ba3dfcd9e2.jpg]
[onyxdestinations.com/medias/article/medium/64/0394279f6fb7a964a94d28ba3dfcd9e2.jpg]
[onyxdestinations.com/medias/article/big/65/15a40677de246923758dea7ee562ec11.jpg]
[onyxdestinations.com/medias/article/medium/65/15a40677de246923758dea7ee562ec11.jpg]
[onyxdestinations.com/medias/article/big/67/fcbce83ebccdd7e0917d7d7b1dbc68b5.jpg]
[onyxdestinations.com/medias/article/medium/67/fcbce83ebccdd7e0917d7d7b1dbc68b5.jpg]
[onyxdestinations.com/medias/article/big/71/78b4a1ead8292baf3d937085fe17a4d0.jpg]
[onyxdestinations.com/medias/article/medium/71/78b4a1ead8292baf3d937085fe17a4d0.jpg]
[onyxdestinations.com/gallery/chilika-lake.html]
[onyxdestinations.com/medias/article/big/74/1861cd68c596644752204392c29335b5.jpg]
[onyxdestinations.com/medias/article/big/75/f8b055dceb6917f700fe52f9f3dd0420.jpg]
[onyxdestinations.com/medias/article/medium/75/f8b055dceb6917f700fe52f9f3dd0420.jpg]
[onyxdestinations.com/medias/article/big/76/86eb6a2f00ef6daf3122bbb63725b0fb.jpg]
[onyxdestinations.com/medias/article/medium/76/86eb6a2f00ef6daf3122bbb63725b0fb.jpg]
[onyxdestinations.com/medias/article/big/77/2622a02e27fcd1402244343fe24bce25.jpg]
[onyxdestinations.com/medias/article/medium/77/2622a02e27fcd1402244343fe24bce25.jpg]
[onyxdestinations.com/medias/article/big/78/1cf5deb925f3f79154af5923008b0dda.jpg]
[onyxdestinations.com/medias/article/medium/78/1cf5deb925f3f79154af5923008b0dda.jpg]
[onyxdestinations.com/medias/article/big/79/aa5d875089b7bb322952bcd930a92c2c.jpg]
[onyxdestinations.com/medias/article/medium/79/aa5d875089b7bb322952bcd930a92c2c.jpg]
[onyxdestinations.com/medias/article/big/80/bf67c7a4451fe34cea5f5c377a9087cd.jpg]
[onyxdestinations.com/medias/article/medium/80/bf67c7a4451fe34cea5f5c377a9087cd.jpg]
[onyxdestinations.com/gallery/blue-flag-beach-puri.html]
[onyxdestinations.com/medias/article/big/83/c864693e1f97ed6270812391ae6ef6ba.jpg]
[onyxdestinations.com/medias/article/big/84/ea5bc5e16f93f1c61232d1887ec38ae8.jpg]
[onyxdestinations.com/medias/article/medium/84/ea5bc5e16f93f1c61232d1887ec38ae8.jpg]
[onyxdestinations.com/gallery/hirakud-dam-sambalpur.html]
[onyxdestinations.com/medias/article/big/89/2cfdbc73e1ce4a9784c7e10605877f06.jpg]
[onyxdestinations.com/medias/article/big/90/2701fad70324fe1a20001ea61ed369b0.jpg]
[onyxdestinations.com/medias/article/medium/90/2701fad70324fe1a20001ea61ed369b0.jpg]
[onyxdestinations.com/medias/article/big/91/715746cdd7ba797e6b9978f6efb2efe3.jpg]
[onyxdestinations.com/medias/article/medium/91/715746cdd7ba797e6b9978f6efb2efe3.jpg]
[onyxdestinations.com/medias/article/big/92/0b6f725696a7a1155aa3725454ce3eb3.jpg]
[onyxdestinations.com/medias/article/medium/92/0b6f725696a7a1155aa3725454ce3eb3.jpg]
[onyxdestinations.com/medias/article/big/93/d6778a02d620c53bfa5efd5d45860d51.jpg]
[onyxdestinations.com/medias/article/medium/93/d6778a02d620c53bfa5efd5d45860d51.jpg]
[onyxdestinations.com/medias/article/big/94/db00e6860b615f70a5e9b7fbe5aefb0b.jpg]
[onyxdestinations.com/medias/article/medium/94/db00e6860b615f70a5e9b7fbe5aefb0b.jpg]
[onyxdestinations.com/gallery/nandankanan-zoological-park.html]
[onyxdestinations.com/medias/article/big/103/fe168e500bd39fd1b04feb93933b9447.jpg]
[onyxdestinations.com/medias/article/medium/103/fe168e500bd39fd1b04feb93933b9447.jpg]
[onyxdestinations.com/medias/article/big/104/691a89a0ebddcedbe512fd642c998c4e.jpg]
[onyxdestinations.com/medias/article/medium/104/691a89a0ebddcedbe512fd642c998c4e.jpg]
[onyxdestinations.com/gallery/ghanteswari-temple.html]
[onyxdestinations.com/medias/article/big/95/4da12f5375747c44f7aeb5e7d6ea87af.jpg]
[onyxdestinations.com/medias/article/big/96/3fb2294e84fc2bed6520eeaf8b89edbe.jpg]
[onyxdestinations.com/medias/article/medium/96/3fb2294e84fc2bed6520eeaf8b89edbe.jpg]
[onyxdestinations.com/medias/article/big/97/ffbe804321b783f71a069e62c8026172.jpg]
[onyxdestinations.com/medias/article/medium/97/ffbe804321b783f71a069e62c8026172.jpg]
[onyxdestinations.com/medias/article/big/98/6bcba7f03fd7bdfac57887f1e825c906.jpg]
[onyxdestinations.com/medias/article/medium/98/6bcba7f03fd7bdfac57887f1e825c906.jpg]
[onyxdestinations.com/medias/article/big/99/e03eb79182be9322d6f5e30e6f21f159.jpg]
[onyxdestinations.com/medias/article/medium/99/e03eb79182be9322d6f5e30e6f21f159.jpg]
[onyxdestinations.com/medias/article/big/100/7a761d0c69df3858fceff11ef8708f48.jpg]
[onyxdestinations.com/medias/article/medium/100/7a761d0c69df3858fceff11ef8708f48.jpg]
[onyxdestinations.com/medias/article/big/101/bc819f574bfe0efa89f1113e2c1635ae.jpg]
[onyxdestinations.com/medias/article/medium/101/bc819f574bfe0efa89f1113e2c1635ae.jpg]
[onyxdestinations.com/medias/article/big/102/4b87cd505593d7115fb3bc3324d6df1b.jpg]
[onyxdestinations.com/medias/article/medium/102/4b87cd505593d7115fb3bc3324d6df1b.jpg]
[onyxdestinations.com/gallery/koraput-odisha.html]
[onyxdestinations.com/medias/article/big/86/f11c416fa239ed2cf3bd8e33d97fb006.jpg]
[onyxdestinations.com/medias/article/big/87/3fa3b87cc30f0df49d7acb91d0641dac.jpg]
[onyxdestinations.com/medias/article/medium/87/3fa3b87cc30f0df49d7acb91d0641dac.jpg]
[onyxdestinations.com/medias/article/big/88/fb06ad689b46c7e13bbb01c4842899f3.jpg]
[onyxdestinations.com/medias/article/medium/88/fb06ad689b46c7e13bbb01c4842899f3.jpg]
[onyxdestinations.com/gallery/lingaraj-temple-bhubaneswar.html]
[onyxdestinations.com/contact.html]
[onyxdestinations.com/legal-notices.html]
[onyxdestinations.com/sitemap.html]
[onyxdestinations.com/js/plugins/isotope/css/style.css]
[onyxdestinations.com/js/plugins/lazyloader/loading.gif]
[onyxdestinations.com/js/plugins/lazyloader/lazyloader.css]
[onyxdestinations.com/404.html]
[onyxdestinations.com/js/plugins/jquery-activmap/css/skin-compact/activmap-compact.css]
[onyxdestinations.com/js/plugins/jquery-activmap/css/skin-compact/activmap-dark-blue.css]
[onyxdestinations.com/medias/hotel/big/137/whatsapp-image-2025-09-21-at-19-02-02-72d3f7e8.jpg]
[onyxdestinations.com/medias/hotel/big/138/whatsapp-image-2025-09-21-at-19-00-19-246285ae.jpg]
[onyxdestinations.com/medias/hotel/big/272/whatsapp-image-2025-09-25-at-23-04-48.jpg]
[onyxdestinations.com/medias/hotel/big/273/whatsapp-image-2025-09-25-at-23-04-49-2.jpg]
[onyxdestinations.com/medias/hotel/big/274/whatsapp-image-2025-09-25-at-23-04-50.jpg]
[onyxdestinations.com/medias/hotel/big/275/whatsapp-image-2025-09-25-at-23-04-49-3.jpg]
[onyxdestinations.com/medias/hotel/big/276/whatsapp-image-2025-09-25-at-23-04-50-1.jpg]
[onyxdestinations.com/medias/hotel/big/277/whatsapp-image-2025-09-25-at-23-04-47.jpg]
[onyxdestinations.com/medias/hotel/big/278/whatsapp-image-2025-09-25-at-23-04-51.jpg]
[onyxdestinations.com/medias/room/small/127/whatsapp-image-2025-09-21-at-19-02-44-b8da3605.jpg]
[onyxdestinations.com/medias/room/medium/127/whatsapp-image-2025-09-21-at-19-02-44-b8da3605.jpg]
[onyxdestinations.com/medias/room/medium/128/whatsapp-image-2025-09-21-at-19-02-44-5b3c9384.jpg]
[onyxdestinations.com/medias/room/medium/129/whatsapp-image-2025-09-21-at-19-02-43-bfabb156.jpg]
[onyxdestinations.com/medias/room/medium/130/whatsapp-image-2025-09-21-at-19-02-03-596fcbb2.jpg]
[onyxdestinations.com/medias/room/medium/131/whatsapp-image-2025-09-21-at-19-02-02-f372fcbb.jpg]
[onyxdestinations.com/medias/room/medium/132/whatsapp-image-2025-09-21-at-19-02-45-6b58d733.jpg]
[onyxdestinations.com/medias/room/medium/133/whatsapp-image-2025-09-21-at-19-02-42-da75bf90.jpg]
[onyxdestinations.com/medias/room/medium/134/whatsapp-image-2025-09-21-at-19-02-41-c5f3cca9.jpg]
[onyxdestinations.com/medias/room/medium/135/whatsapp-image-2025-09-21-at-19-02-43-9111c198.jpg]
[onyxdestinations.com/hotels/binayapalaceox.html]
[onyxdestinations.com/medias/hotel/big/512/whatsapp-image-2025-10-30-at-06-10-37.jpg]
[onyxdestinations.com/medias/hotel/big/513/whatsapp-image-2025-10-30-at-06-08-23-1.jpg]
[onyxdestinations.com/medias/hotel/big/514/whatsapp-image-2025-10-30-at-06-08-23.jpg]
[onyxdestinations.com/medias/hotel/big/515/whatsapp-image-2025-10-30-at-06-07-56.jpg]
[onyxdestinations.com/medias/hotel/big/517/whatsapp-image-2025-10-30-at-06-11-00.jpg]
[onyxdestinations.com/medias/hotel/big/518/whatsapp-image-2025-10-30-at-06-08-23-2.jpg]
[onyxdestinations.com/medias/hotel/big/519/whatsapp-image-2025-10-30-at-06-07-56-14.jpg]
[onyxdestinations.com/medias/hotel/big/520/whatsapp-image-2025-10-30-at-06-07-56-22.jpg]
[onyxdestinations.com/medias/hotel/big/521/whatsapp-image-2025-10-30-at-06-07-56-13.jpg]
[onyxdestinations.com/medias/hotel/big/523/whatsapp-image-2025-10-30-at-06-07-56-18.jpg]
[onyxdestinations.com/medias/hotel/big/524/whatsapp-image-2025-10-30-at-06-07-56-16.jpg]
[onyxdestinations.com/medias/hotel/big/526/whatsapp-image-2025-10-30-at-06-07-56-20.jpg]
[onyxdestinations.com/medias/hotel/big/527/whatsapp-image-2025-10-30-at-06-07-56-21.jpg]
[onyxdestinations.com/medias/hotel/big/529/whatsapp-image-2025-10-30-at-06-07-56-25.jpg]
[onyxdestinations.com/medias/hotel/big/530/whatsapp-image-2025-10-30-at-06-07-56-26.jpg]
[onyxdestinations.com/medias/hotel/big/531/whatsapp-image-2025-10-30-at-06-07-56-23.jpg]
[onyxdestinations.com/medias/hotel/big/532/whatsapp-image-2025-10-30-at-06-07-56-27.jpg]
[onyxdestinations.com/medias/hotel/big/533/whatsapp-image-2025-10-30-at-06-07-56-22.jpg]
[onyxdestinations.com/medias/room/small/290/whatsapp-image-2025-10-30-at-06-07-56-5.jpg]
[onyxdestinations.com/medias/room/medium/290/whatsapp-image-2025-10-30-at-06-07-56-5.jpg]
[onyxdestinations.com/medias/room/medium/291/whatsapp-image-2025-10-30-at-06-07-56-7.jpg]
[onyxdestinations.com/medias/room/medium/292/whatsapp-image-2025-10-30-at-06-07-56-3.jpg]
[onyxdestinations.com/medias/room/medium/293/whatsapp-image-2025-10-30-at-06-07-56-6.jpg]
[onyxdestinations.com/medias/room/medium/294/whatsapp-image-2025-10-30-at-06-07-56-8.jpg]
[onyxdestinations.com/medias/room/medium/295/whatsapp-image-2025-10-30-at-06-07-56-1.jpg]
[onyxdestinations.com/medias/room/medium/296/whatsapp-image-2025-10-30-at-06-07-56-2.jpg]
[onyxdestinations.com/medias/room/medium/297/whatsapp-image-2025-10-30-at-06-07-56-4.jpg]
[onyxdestinations.com/medias/room/small/298/whatsapp-image-2025-10-30-at-06-07-56-15.jpg]
[onyxdestinations.com/medias/room/medium/298/whatsapp-image-2025-10-30-at-06-07-56-15.jpg]
[onyxdestinations.com/medias/room/medium/299/whatsapp-image-2025-10-30-at-06-07-56-7.jpg]
[onyxdestinations.com/medias/room/medium/300/whatsapp-image-2025-10-30-at-06-07-56-6.jpg]
[onyxdestinations.com/medias/room/medium/301/whatsapp-image-2025-10-30-at-06-07-56-8.jpg]
[onyxdestinations.com/medias/room/small/302/whatsapp-image-2025-10-30-at-06-07-56-25.jpg]
[onyxdestinations.com/medias/room/medium/302/whatsapp-image-2025-10-30-at-06-07-56-25.jpg]
[onyxdestinations.com/medias/room/medium/303/whatsapp-image-2025-10-30-at-06-07-56-16.jpg]
[onyxdestinations.com/medias/room/medium/304/whatsapp-image-2025-10-30-at-06-07-56-17.jpg]
[onyxdestinations.com/medias/room/medium/305/whatsapp-image-2025-10-30-at-06-07-56-23.jpg]
[onyxdestinations.com/medias/room/medium/306/whatsapp-image-2025-10-30-at-06-07-56-14.jpg]
[onyxdestinations.com/medias/room/medium/307/whatsapp-image-2025-10-30-at-06-07-56-24.jpg]
[onyxdestinations.com/medias/room/medium/308/whatsapp-image-2025-10-30-at-06-07-56-26.jpg]
[onyxdestinations.com/medias/room/medium/309/whatsapp-image-2025-10-30-at-06-07-56-13.jpg]
[onyxdestinations.com/medias/room/small/310/whatsapp-image-2025-10-30-at-06-07-56-19.jpg]
[onyxdestinations.com/medias/room/medium/310/whatsapp-image-2025-10-30-at-06-07-56-19.jpg]
[onyxdestinations.com/medias/room/medium/311/whatsapp-image-2025-10-30-at-06-07-56-21.jpg]
[onyxdestinations.com/medias/room/medium/312/whatsapp-image-2025-10-30-at-06-07-56-20.jpg]
[onyxdestinations.com/hotels/shree-gundicha-lodge.html]
[onyxdestinations.com/booking/kendrapara.html]
[onyxdestinations.com/js/plugins/jquery.event.calendar/css/jquery.event.calendar.css]
[cdnjs.cloudflare.com/ajax/libs/OwlCarousel2/2.3.4/assets/owl.video.play.png]
[cdnjs.cloudflare.com/ajax/libs/OwlCarousel2/2.3.4/assets/owl.carousel.min.css]
[cdnjs.cloudflare.com/ajax/libs/OwlCarousel2/2.3.4/assets/owl.theme.default.min.css]
[cdn.jsdelivr.net/gh/kartik-v/bootstrap-star-rating@4.0.7/img/loading.gif]
[cdn.jsdelivr.net/gh/kartik-v/bootstrap-star-rating@4.0.7/css/star-rating.css]
[rawgit.com/tuupola/jquery_lazyload/2.x/lazyload.min.js]
